// Jest Snapshot v1, https://goo.gl/fbAQLP

exports[`should render pokemon form 1`] = `
<label>
  Pokemon Name
</label>
`;
